<pre></pre><pre>
    hehe
    </pre>
<span>
    woot</span><pre>
    
    
    
    </pre>
    <pre>    

    


    Woot



    </pre>
